// Jest Snapshot v1, https://goo.gl/fbAQLP

exports[`PyScript Renders component properly 1`] = `
<div>
  <py-script
    data-testid="py-script"
  >
    print("Hello world!")
  </py-script>
</div>
`;

exports[`PyScript Renders component properly with all props 1`] = `
<div>
  <py-env>
    - folium
  </py-env>
  <div
    id="folium"
  />
  <py-script
    output="folium"
  >
    
from folium import Map
variable = Map(location=[45.5236, -122.6750])
variable

  </py-script>
</div>
`;
